Archive member included to satisfy reference by file (symbol)

f:/stm32/tools/gcc-arm-none-eabi-10.3-2021.10/bin/../lib/gcc/arm-none-eabi/10.3.1/../../../../arm-none-eabi/lib/thumb/v7-m/nofp\libg_nano.a(lib_a-exit.o)
                              f:/stm32/tools/gcc-arm-none-eabi-10.3-2021.10/bin/../lib/gcc/arm-none-eabi/10.3.1/../../../../arm-none-eabi/lib/thumb/v7-m/nofp/crt0.o (exit)
f:/stm32/tools/gcc-arm-none-eabi-10.3-2021.10/bin/../lib/gcc/arm-none-eabi/10.3.1/../../../../arm-none-eabi/lib/thumb/v7-m/nofp\libg_nano.a(lib_a-impure.o)
                              f:/stm32/tools/gcc-arm-none-eabi-10.3-2021.10/bin/../lib/gcc/arm-none-eabi/10.3.1/../../../../arm-none-eabi/lib/thumb/v7-m/nofp\libg_nano.a(lib_a-exit.o) (_global_impure_ptr)
f:/stm32/tools/gcc-arm-none-eabi-10.3-2021.10/bin/../lib/gcc/arm-none-eabi/10.3.1/../../../../arm-none-eabi/lib/thumb/v7-m/nofp\libg_nano.a(lib_a-init.o)
                              f:/stm32/tools/gcc-arm-none-eabi-10.3-2021.10/bin/../lib/gcc/arm-none-eabi/10.3.1/../../../../arm-none-eabi/lib/thumb/v7-m/nofp/crt0.o (__libc_init_array)
f:/stm32/tools/gcc-arm-none-eabi-10.3-2021.10/bin/../lib/gcc/arm-none-eabi/10.3.1/../../../../arm-none-eabi/lib/thumb/v7-m/nofp\libg_nano.a(lib_a-memset.o)
                              f:/stm32/tools/gcc-arm-none-eabi-10.3-2021.10/bin/../lib/gcc/arm-none-eabi/10.3.1/../../../../arm-none-eabi/lib/thumb/v7-m/nofp/crt0.o (memset)
f:/stm32/tools/gcc-arm-none-eabi-10.3-2021.10/bin/../lib/gcc/arm-none-eabi/10.3.1/../../../../arm-none-eabi/lib/thumb/v7-m/nofp\libg_nano.a(lib_a-printf.o)
                              CMakeFiles/TemplateF103.elf.dir/Core/Src/main.c.obj (printf)
f:/stm32/tools/gcc-arm-none-eabi-10.3-2021.10/bin/../lib/gcc/arm-none-eabi/10.3.1/../../../../arm-none-eabi/lib/thumb/v7-m/nofp\libg_nano.a(lib_a-setvbuf.o)
                              CMakeFiles/TemplateF103.elf.dir/SYSTEM/Src/usart.c.obj (setvbuf)
f:/stm32/tools/gcc-arm-none-eabi-10.3-2021.10/bin/../lib/gcc/arm-none-eabi/10.3.1/../../../../arm-none-eabi/lib/thumb/v7-m/nofp\libg_nano.a(lib_a-fflush.o)
                              f:/stm32/tools/gcc-arm-none-eabi-10.3-2021.10/bin/../lib/gcc/arm-none-eabi/10.3.1/../../../../arm-none-eabi/lib/thumb/v7-m/nofp\libg_nano.a(lib_a-setvbuf.o) (_fflush_r)
f:/stm32/tools/gcc-arm-none-eabi-10.3-2021.10/bin/../lib/gcc/arm-none-eabi/10.3.1/../../../../arm-none-eabi/lib/thumb/v7-m/nofp\libg_nano.a(lib_a-findfp.o)
                              f:/stm32/tools/gcc-arm-none-eabi-10.3-2021.10/bin/../lib/gcc/arm-none-eabi/10.3.1/../../../../arm-none-eabi/lib/thumb/v7-m/nofp\libg_nano.a(lib_a-printf.o) (__sinit)
f:/stm32/tools/gcc-arm-none-eabi-10.3-2021.10/bin/../lib/gcc/arm-none-eabi/10.3.1/../../../../arm-none-eabi/lib/thumb/v7-m/nofp\libg_nano.a(lib_a-fwalk.o)
                              f:/stm32/tools/gcc-arm-none-eabi-10.3-2021.10/bin/../lib/gcc/arm-none-eabi/10.3.1/../../../../arm-none-eabi/lib/thumb/v7-m/nofp\libg_nano.a(lib_a-findfp.o) (_fwalk)
f:/stm32/tools/gcc-arm-none-eabi-10.3-2021.10/bin/../lib/gcc/arm-none-eabi/10.3.1/../../../../arm-none-eabi/lib/thumb/v7-m/nofp\libg_nano.a(lib_a-lock.o)
                              f:/stm32/tools/gcc-arm-none-eabi-10.3-2021.10/bin/../lib/gcc/arm-none-eabi/10.3.1/../../../../arm-none-eabi/lib/thumb/v7-m/nofp\libg_nano.a(lib_a-findfp.o) (__retarget_lock_init_recursive)
f:/stm32/tools/gcc-arm-none-eabi-10.3-2021.10/bin/../lib/gcc/arm-none-eabi/10.3.1/../../../../arm-none-eabi/lib/thumb/v7-m/nofp\libg_nano.a(lib_a-makebuf.o)
                              f:/stm32/tools/gcc-arm-none-eabi-10.3-2021.10/bin/../lib/gcc/arm-none-eabi/10.3.1/../../../../arm-none-eabi/lib/thumb/v7-m/nofp\libg_nano.a(lib_a-setvbuf.o) (__swhatbuf_r)
f:/stm32/tools/gcc-arm-none-eabi-10.3-2021.10/bin/../lib/gcc/arm-none-eabi/10.3.1/../../../../arm-none-eabi/lib/thumb/v7-m/nofp\libg_nano.a(lib_a-malloc.o)
                              f:/stm32/tools/gcc-arm-none-eabi-10.3-2021.10/bin/../lib/gcc/arm-none-eabi/10.3.1/../../../../arm-none-eabi/lib/thumb/v7-m/nofp\libg_nano.a(lib_a-setvbuf.o) (malloc)
f:/stm32/tools/gcc-arm-none-eabi-10.3-2021.10/bin/../lib/gcc/arm-none-eabi/10.3.1/../../../../arm-none-eabi/lib/thumb/v7-m/nofp\libg_nano.a(lib_a-nano-freer.o)
                              f:/stm32/tools/gcc-arm-none-eabi-10.3-2021.10/bin/../lib/gcc/arm-none-eabi/10.3.1/../../../../arm-none-eabi/lib/thumb/v7-m/nofp\libg_nano.a(lib_a-setvbuf.o) (_free_r)
f:/stm32/tools/gcc-arm-none-eabi-10.3-2021.10/bin/../lib/gcc/arm-none-eabi/10.3.1/../../../../arm-none-eabi/lib/thumb/v7-m/nofp\libg_nano.a(lib_a-nano-mallocr.o)
                              f:/stm32/tools/gcc-arm-none-eabi-10.3-2021.10/bin/../lib/gcc/arm-none-eabi/10.3.1/../../../../arm-none-eabi/lib/thumb/v7-m/nofp\libg_nano.a(lib_a-findfp.o) (_malloc_r)
f:/stm32/tools/gcc-arm-none-eabi-10.3-2021.10/bin/../lib/gcc/arm-none-eabi/10.3.1/../../../../arm-none-eabi/lib/thumb/v7-m/nofp\libg_nano.a(lib_a-nano-vfprintf.o)
[...]
Memory Configuration

Name             Origin             Length             Attributes
RAM              0x20000000         0x0000a000         xrw
FLASH            0x08000000         0x00040000         xr
*default*        0x00000000         0xffffffff

Linker script and memory map

LOAD f:/stm32/tools/gcc-arm-none-eabi-10.3-2021.10/bin/../lib/gcc/arm-none-eabi/10.3.1/thumb/v7-m/nofp/crti.o
LOAD f:/stm32/tools/gcc-arm-none-eabi-10.3-2021.10/bin/../lib/gcc/arm-none-eabi/10.3.1/thumb/v7-m/nofp/crtbegin.o
LOAD f:/stm32/tools/gcc-arm-none-eabi-10.3-2021.10/bin/../lib/gcc/arm-none-eabi/10.3.1/../../../../arm-none-eabi/lib/thumb/v7-m/nofp/crt0.o
LOAD CMakeFiles/TemplateF103.elf.dir/Core/Src/core_cm3.c.obj
LOAD CMakeFiles/TemplateF103.elf.dir/Core/Src/main.c.obj
LOAD CMakeFiles/TemplateF103.elf.dir/Core/Src/stm32f10x_it.c.obj
LOAD CMakeFiles/TemplateF103.elf.dir/Core/Src/system_stm32f10x.c.obj
LOAD CMakeFiles/TemplateF103.elf.dir/STM32F10x_FWLib/Src/misc.c.obj
LOAD CMakeFiles/TemplateF103.elf.dir/STM32F10x_FWLib/Src/stm32f10x_adc.c.obj
LOAD CMakeFiles/TemplateF103.elf.dir/STM32F10x_FWLib/Src/stm32f10x_bkp.c.obj
LOAD CMakeFiles/TemplateF103.elf.dir/STM32F10x_FWLib/Src/stm32f10x_can.c.obj
LOAD CMakeFiles/TemplateF103.elf.dir/STM32F10x_FWLib/Src/stm32f10x_cec.c.obj
LOAD CMakeFiles/TemplateF103.elf.dir/STM32F10x_FWLib/Src/stm32f10x_crc.c.obj
LOAD CMakeFiles/TemplateF103.elf.dir/STM32F10x_FWLib/Src/stm32f10x_dac.c.obj
LOAD CMakeFiles/TemplateF103.elf.dir/STM32F10x_FWLib/Src/stm32f10x_dbgmcu.c.obj
LOAD CMakeFiles/TemplateF103.elf.dir/STM32F10x_FWLib/Src/stm32f10x_dma.c.obj
LOAD CMakeFiles/TemplateF103.elf.dir/STM32F10x_FWLib/Src/stm32f10x_exti.c.obj
LOAD CMakeFiles/TemplateF103.elf.dir/STM32F10x_FWLib/Src/stm32f10x_flash.c.obj
LOAD CMakeFiles/TemplateF103.elf.dir/STM32F10x_FWLib/Src/stm32f10x_fsmc.c.obj
LOAD CMakeFiles/TemplateF103.elf.dir/STM32F10x_FWLib/Src/stm32f10x_gpio.c.obj
LOAD CMakeFiles/TemplateF103.elf.dir/STM32F10x_FWLib/Src/stm32f10x_i2c.c.obj
LOAD CMakeFiles/TemplateF103.elf.dir/STM32F10x_FWLib/Src/stm32f10x_iwdg.c.obj
LOAD CMakeFiles/TemplateF103.elf.dir/STM32F10x_FWLib/Src/stm32f10x_pwr.c.obj
LOAD CMakeFiles/TemplateF103.elf.dir/STM32F10x_FWLib/Src/stm32f10x_rcc.c.obj
LOAD CMakeFiles/TemplateF103.elf.dir/STM32F10x_FWLib/Src/stm32f10x_rtc.c.obj
LOAD CMakeFiles/TemplateF103.elf.dir/STM32F10x_FWLib/Src/stm32f10x_sdio.c.obj
LOAD CMakeFiles/TemplateF103.elf.dir/STM32F10x_FWLib/Src/stm32f10x_spi.c.obj
LOAD CMakeFiles/TemplateF103.elf.dir/STM32F10x_FWLib/Src/stm32f10x_tim.c.obj
LOAD CMakeFiles/TemplateF103.elf.dir/STM32F10x_FWLib/Src/stm32f10x_usart.c.obj
LOAD CMakeFiles/TemplateF103.elf.dir/STM32F10x_FWLib/Src/stm32f10x_wwdg.c.obj
LOAD CMakeFiles/TemplateF103.elf.dir/SYSTEM/Src/delay.c.obj
LOAD CMakeFiles/TemplateF103.elf.dir/SYSTEM/Src/sys.c.obj
LOAD CMakeFiles/TemplateF103.elf.dir/SYSTEM/Src/usart.c.obj
LOAD CMakeFiles/TemplateF103.elf.dir/startup/startup_stm32f103xb.s.obj
START GROUP
LOAD f:/stm32/tools/gcc-arm-none-eabi-10.3-2021.10/bin/../lib/gcc/arm-none-eabi/10.3.1/thumb/v7-m/nofp\libgcc.a
LOAD f:/stm32/tools/gcc-arm-none-eabi-10.3-2021.10/bin/../lib/gcc/arm-none-eabi/10.3.1/../../../../arm-none-eabi/lib/thumb/v7-m/nofp\libg_nano.a
LOAD f:/stm32/tools/gcc-arm-none-eabi-10.3-2021.10/bin/../lib/gcc/arm-none-eabi/10.3.1/../../../../arm-none-eabi/lib/thumb/v7-m/nofp\libc_nano.a
END GROUP
START GROUP
LOAD f:/stm32/tools/gcc-arm-none-eabi-10.3-2021.10/bin/../lib/gcc/arm-none-eabi/10.3.1/thumb/v7-m/nofp\libgcc.a
LOAD f:/stm32/tools/gcc-arm-none-eabi-10.3-2021.10/bin/../lib/gcc/arm-none-eabi/10.3.1/../../../../arm-none-eabi/lib/thumb/v7-m/nofp\libc_nano.a
LOAD f:/stm32/tools/gcc-arm-none-eabi-10.3-2021.10/bin/../lib/gcc/arm-none-eabi/10.3.1/../../../../arm-none-eabi/lib/thumb/v7-m/nofp\libnosys.a
END GROUP
START GROUP
LOAD f:/stm32/tools/gcc-arm-none-eabi-10.3-2021.10/bin/../lib/gcc/arm-none-eabi/10.3.1/thumb/v7-m/nofp\libgcc.a
LOAD f:/stm32/tools/gcc-arm-none-eabi-10.3-2021.10/bin/../lib/gcc/arm-none-eabi/10.3.1/../../../../arm-none-eabi/lib/thumb/v7-m/nofp\libc_nano.a
LOAD f:/stm32/tools/gcc-arm-none-eabi-10.3-2021.10/bin/../lib/gcc/arm-none-eabi/10.3.1/../../../../arm-none-eabi/lib/thumb/v7-m/nofp\libnosys.a
END GROUP
LOAD f:/stm32/tools/gcc-arm-none-eabi-10.3-2021.10/bin/../lib/gcc/arm-none-eabi/10.3.1/thumb/v7-m/nofp/crtend.o
LOAD f:/stm32/tools/gcc-arm-none-eabi-10.3-2021.10/bin/../lib/gcc/arm-none-eabi/10.3.1/thumb/v7-m/nofp/crtn.o
                0x20005000                _estack = 0x20005000
                0x00001000                _Min_Heap_Size = 0x1000
                0x00000400                _Min_Stack_Size = 0x400

.isr_vector     0x08000000      0x10c
                0x08000000                . = ALIGN (0x4)
 *(.isr_vector)
 .isr_vector    0x08000000      0x10c CMakeFiles/TemplateF103.elf.dir/startup/startup_stm32f103xb.s.obj
                0x08000000                g_pfnVectors
                0x0800010c                . = ALIGN (0x4)

.text           0x0800010c     0x1ed8
                0x0800010c                . = ALIGN (0x4)
 *(.text)
 .text          0x0800010c       0x40 f:/stm32/tools/gcc-arm-none-eabi-10.3-2021.10/bin/../lib/gcc/arm-none-eabi/10.3.1/thumb/v7-m/nofp/crtbegin.o
 *(.text*)
 .text.main     0x0800014c       0x40 CMakeFiles/TemplateF103.elf.dir/Core/Src/main.c.obj
                0x0800014c                main
 .text.NMI_Handler
                0x0800018c        0xc CMakeFiles/TemplateF103.elf.dir/Core/Src/stm32f10x_it.c.obj
                0x0800018c                NMI_Handler
 .text.HardFault_Handler
                0x08000198        0x6 CMakeFiles/TemplateF103.elf.dir/Core/Src/stm32f10x_it.c.obj
                0x08000198                HardFault_Handler
 .text.MemManage_Handler
                0x0800019e        0x6 CMakeFiles/TemplateF103.elf.dir/Core/Src/stm32f10x_it.c.obj
                0x0800019e                MemManage_Handler
 .text.BusFault_Handler
                0x080001a4        0x6 CMakeFiles/TemplateF103.elf.dir/Core/Src/stm32f10x_it.c.obj
                0x080001a4                BusFault_Handler
 .text.UsageFault_Handler
                0x080001aa        0x6 CMakeFiles/TemplateF103.elf.dir/Core/Src/stm32f10x_it.c.obj
                0x080001aa                UsageFault_Handler
 .text.SVC_Handler
                0x080001b0        0xc CMakeFiles/TemplateF103.elf.dir/Core/Src/stm32f10x_it.c.obj
                0x080001b0                SVC_Handler
 .text.DebugMon_Handler
                0x080001bc        0xc CMakeFiles/TemplateF103.elf.dir/Core/Src/stm32f10x_it.c.obj
                0x080001bc                DebugMon_Handler
 .text.PendSV_Handler
                0x080001c8        0xc CMakeFiles/TemplateF103.elf.dir/Core/Src/stm32f10x_it.c.obj
                0x080001c8                PendSV_Handler
 .text.SysTick_Handler
                0x080001d4        0xc CMakeFiles/TemplateF103.elf.dir/Core/Src/stm32f10x_it.c.obj
                0x080001d4                SysTick_Handler
 .text.SystemInit
                0x080001e0       0x68 CMakeFiles/TemplateF103.elf.dir/Core/Src/system_stm32f10x.c.obj
                0x080001e0                SystemInit
 .text.SetSysClock
                0x08000248        0xc CMakeFiles/TemplateF103.elf.dir/Core/Src/system_stm32f10x.c.obj
 .text.SetSysClockTo72
                0x08000254      0x100 CMakeFiles/TemplateF103.elf.dir/Core/Src/system_stm32f10x.c.obj
 .text.NVIC_Init
                0x08000354       0xc4 CMakeFiles/TemplateF103.elf.dir/STM32F10x_FWLib/Src/misc.c.obj
                0x08000354                NVIC_Init
 .text.SysTick_CLKSourceConfig
                0x08000418       0x38 CMakeFiles/TemplateF103.elf.dir/STM32F10x_FWLib/Src/misc.c.obj
                0x08000418                SysTick_CLKSourceConfig
 .text.GPIO_Init
                0x08000450      0x178 CMakeFiles/TemplateF103.elf.dir/STM32F10x_FWLib/Src/stm32f10x_gpio.c.obj
                0x08000450                GPIO_Init
 .text.RCC_GetClocksFreq
                0x080005c8      0x16c CMakeFiles/TemplateF103.elf.dir/STM32F10x_FWLib/Src/stm32f10x_rcc.c.obj
                0x080005c8                RCC_GetClocksFreq
 .text.RCC_APB2PeriphClockCmd
                0x08000734       0x3c CMakeFiles/TemplateF103.elf.dir/STM32F10x_FWLib/Src/stm32f10x_rcc.c.obj
                0x08000734                RCC_APB2PeriphClockCmd
 .text.USART_Init
                0x08000770      0x174 CMakeFiles/TemplateF103.elf.dir/STM32F10x_FWLib/Src/stm32f10x_usart.c.obj
                0x08000770                USART_Init
 .text.USART_Cmd
                0x080008e4       0x3e CMakeFiles/TemplateF103.elf.dir/STM32F10x_FWLib/Src/stm32f10x_usart.c.obj
                0x080008e4                USART_Cmd
 .text.USART_ITConfig
                0x08000922       0x8e CMakeFiles/TemplateF103.elf.dir/STM32F10x_FWLib/Src/stm32f10x_usart.c.obj
                0x08000922                USART_ITConfig
 .text.USART_SendData
                0x080009b0       0x22 CMakeFiles/TemplateF103.elf.dir/STM32F10x_FWLib/Src/stm32f10x_usart.c.obj
                0x080009b0                USART_SendData
 .text.USART_ReceiveData
                0x080009d2       0x1e CMakeFiles/TemplateF103.elf.dir/STM32F10x_FWLib/Src/stm32f10x_usart.c.obj
                0x080009d2                USART_ReceiveData
 .text.USART_GetFlagStatus
                0x080009f0       0x36 CMakeFiles/TemplateF103.elf.dir/STM32F10x_FWLib/Src/stm32f10x_usart.c.obj
                0x080009f0                USART_GetFlagStatus
 .text.USART_GetITStatus
                0x08000a26       0xb4 CMakeFiles/TemplateF103.elf.dir/STM32F10x_FWLib/Src/stm32f10x_usart.c.obj
                0x08000a26                USART_GetITStatus
 *fill*         0x08000ada        0x2 
 .text.delay_init
                0x08000adc       0x4c CMakeFiles/TemplateF103.elf.dir/SYSTEM/Src/delay.c.obj
                0x08000adc                delay_init
 .text.delay_ms
                0x08000b28       0x6c CMakeFiles/TemplateF103.elf.dir/SYSTEM/Src/delay.c.obj
                0x08000b28                delay_ms
 .text.PrintfInit
                0x08000b94       0x30 CMakeFiles/TemplateF103.elf.dir/SYSTEM/Src/usart.c.obj
                0x08000b94                PrintfInit
 .text._isatty  0x08000bc4       0x24 CMakeFiles/TemplateF103.elf.dir/SYSTEM/Src/usart.c.obj
                0x08000bc4                _isatty
 .text._write   0x08000be8       0x7c CMakeFiles/TemplateF103.elf.dir/SYSTEM/Src/usart.c.obj
                0x08000be8                _write
 .text._close   0x08000c64       0x26 CMakeFiles/TemplateF103.elf.dir/SYSTEM/Src/usart.c.obj
                0x08000c64                _close
 .text._lseek   0x08000c8a       0x1a CMakeFiles/TemplateF103.elf.dir/SYSTEM/Src/usart.c.obj
                0x08000c8a                _lseek
 .text._read    0x08000ca4       0x44 CMakeFiles/TemplateF103.elf.dir/SYSTEM/Src/usart.c.obj
                0x08000ca4                _read
 .text.uart_init
                0x08000ce8       0xa4 CMakeFiles/TemplateF103.elf.dir/SYSTEM/Src/usart.c.obj
                0x08000ce8                uart_init
 .text.USART1_IRQHandler
                0x08000d8c       0xac CMakeFiles/TemplateF103.elf.dir/SYSTEM/Src/usart.c.obj
                0x08000d8c                USART1_IRQHandler
 .text.Reset_Handler
                0x08000e38       0x48 CMakeFiles/TemplateF103.elf.dir/startup/startup_stm32f103xb.s.obj
                0x08000e38                Reset_Handler
 .text.Default_Handler
                0x08000e80        0x2 CMakeFiles/TemplateF103.elf.dir/startup/startup_stm32f103xb.s.obj
                0x08000e80                RTC_Alarm_IRQHandler
                0x08000e80                EXTI2_IRQHandler
                0x08000e80                TIM1_CC_IRQHandler
                0x08000e80                PVD_IRQHandler
                0x08000e80                EXTI3_IRQHandler
                0x08000e80                EXTI0_IRQHandler
                0x08000e80                I2C2_EV_IRQHandler
                0x08000e80                ADC1_2_IRQHandler
                0x08000e80                SPI1_IRQHandler
                0x08000e80                TAMPER_IRQHandler
                0x08000e80                DMA1_Channel4_IRQHandler
                0x08000e80                USART3_IRQHandler
                0x08000e80                RTC_IRQHandler
                0x08000e80                DMA1_Channel7_IRQHandler
                0x08000e80                CAN1_RX1_IRQHandler
                0x08000e80                TIM4_IRQHandler
                0x08000e80                I2C1_EV_IRQHandler
                0x08000e80                DMA1_Channel6_IRQHandler
                0x08000e80                TIM3_IRQHandler
                0x08000e80                RCC_IRQHandler
                0x08000e80                TIM1_TRG_COM_IRQHandler
                0x08000e80                DMA1_Channel1_IRQHandler
                0x08000e80                Default_Handler
                0x08000e80                EXTI15_10_IRQHandler
                0x08000e80                EXTI9_5_IRQHandler
                0x08000e80                SPI2_IRQHandler
                0x08000e80                DMA1_Channel5_IRQHandler
                0x08000e80                EXTI4_IRQHandler
                0x08000e80                USB_LP_CAN1_RX0_IRQHandler
                0x08000e80                USB_HP_CAN1_TX_IRQHandler
                0x08000e80                DMA1_Channel3_IRQHandler
                0x08000e80                TIM1_UP_IRQHandler
                0x08000e80                WWDG_IRQHandler
                0x08000e80                TIM2_IRQHandler
                0x08000e80                TIM1_BRK_IRQHandler
                0x08000e80                EXTI1_IRQHandler
                0x08000e80                USART2_IRQHandler
                0x08000e80                I2C2_ER_IRQHandler
                0x08000e80                DMA1_Channel2_IRQHandler
                0x08000e80                CAN1_SCE_IRQHandler
                0x08000e80                FLASH_IRQHandler
                0x08000e80                I2C1_ER_IRQHandler
                0x08000e80                USBWakeUp_IRQHandler
 *fill*         0x08000e82        0x2 
 .text.__libc_init_array
                0x08000e84       0x48 f:/stm32/tools/gcc-arm-none-eabi-10.3-2021.10/bin/../lib/gcc/arm-none-eabi/10.3.1/../../../../arm-none-eabi/lib/thumb/v7-m/nofp\libg_nano.a(lib_a-init.o)
                0x08000e84                __libc_init_array
 .text.memset   0x08000ecc       0x10 f:/stm32/tools/gcc-arm-none-eabi-10.3-2021.10/bin/../lib/gcc/arm-none-eabi/10.3.1/../../../../arm-none-eabi/lib/thumb/v7-m/nofp\libg_nano.a(lib_a-memset.o)
                0x08000ecc                memset
 .text.printf   0x08000edc       0x30 f:/stm32/tools/gcc-arm-none-eabi-10.3-2021.10/bin/../lib/gcc/arm-none-eabi/10.3.1/../../../../arm-none-eabi/lib/thumb/v7-m/nofp\libg_nano.a(lib_a-printf.o)
                0x08000edc                iprintf
                0x08000edc                printf
 .text.setvbuf  0x08000f0c      0x18c f:/stm32/tools/gcc-arm-none-eabi-10.3-2021.10/bin/../lib/gcc/arm-none-eabi/10.3.1/../../../../arm-none-eabi/lib/thumb/v7-m/nofp\libg_nano.a(lib_a-setvbuf.o)
                0x08000f0c                setvbuf
 .text.__sflush_r
                0x08001098      0x104 f:/stm32/tools/gcc-arm-none-eabi-10.3-2021.10/bin/../lib/gcc/arm-none-eabi/10.3.1/../../../../arm-none-eabi/lib/thumb/v7-m/nofp\libg_nano.a(lib_a-fflush.o)
                0x08001098                __sflush_r
 .text._fflush_r
                0x0800119c       0x78 f:/stm32/tools/gcc-arm-none-eabi-10.3-2021.10/bin/../lib/gcc/arm-none-eabi/10.3.1/../../../../arm-none-eabi/lib/thumb/v7-m/nofp\libg_nano.a(lib_a-fflush.o)
                0x0800119c                _fflush_r
 .text.std      0x08001214       0x48 f:/stm32/tools/gcc-arm-none-eabi-10.3-2021.10/bin/../lib/gcc/arm-none-eabi/10.3.1/../../../../arm-none-eabi/lib/thumb/v7-m/nofp\libg_nano.a(lib_a-findfp.o)
 .text._cleanup_r
                0x0800125c        0xc f:/stm32/tools/gcc-arm-none-eabi-10.3-2021.10/bin/../lib/gcc/arm-none-eabi/10.3.1/../../../../arm-none-eabi/lib/thumb/v7-m/nofp\libg_nano.a(lib_a-findfp.o)
                0x0800125c                _cleanup_r
 .text.__sfmoreglue
                0x08001268       0x2c f:/stm32/tools/gcc-arm-none-eabi-10.3-2021.10/bin/../lib/gcc/arm-none-eabi/10.3.1/../../../../arm-none-eabi/lib/thumb/v7-m/nofp\libg_nano.a(lib_a-findfp.o)
                0x08001268                __sfmoreglue
 .text.__sfp_lock_acquire
                0x08001294        0xc f:/stm32/tools/gcc-arm-none-eabi-10.3-2021.10/bin/../lib/gcc/arm-none-eabi/10.3.1/../../../../arm-none-eabi/lib/thumb/v7-m/nofp\libg_nano.a(lib_a-findfp.o)
                0x08001294                __sfp_lock_acquire
 .text.__sfp_lock_release
                0x080012a0        0xc f:/stm32/tools/gcc-arm-none-eabi-10.3-2021.10/bin/../lib/gcc/arm-none-eabi/10.3.1/../../../../arm-none-eabi/lib/thumb/v7-m/nofp\libg_nano.a(lib_a-findfp.o)
                0x080012a0                __sfp_lock_release
 .text.__sinit_lock_acquire
                0x080012ac        0xc f:/stm32/tools/gcc-arm-none-eabi-10.3-2021.10/bin/../lib/gcc/arm-none-eabi/10.3.1/../../../../arm-none-eabi/lib/thumb/v7-m/nofp\libg_nano.a(lib_a-findfp.o)
                0x080012ac                __sinit_lock_acquire
 .text.__sinit_lock_release
                0x080012b8        0xc f:/stm32/tools/gcc-arm-none-eabi-10.3-2021.10/bin/../lib/gcc/arm-none-eabi/10.3.1/../../../../arm-none-eabi/lib/thumb/v7-m/nofp\libg_nano.a(lib_a-findfp.o)
                0x080012b8                __sinit_lock_release
 .text.__sinit  0x080012c4       0x70 f:/stm32/tools/gcc-arm-none-eabi-10.3-2021.10/bin/../lib/gcc/arm-none-eabi/10.3.1/../../../../arm-none-eabi/lib/thumb/v7-m/nofp\libg_nano.a(lib_a-findfp.o)
                0x080012c4                __sinit
 .text.__sfp    0x08001334       0x8c f:/stm32/tools/gcc-arm-none-eabi-10.3-2021.10/bin/../lib/gcc/arm-none-eabi/10.3.1/../../../../arm-none-eabi/lib/thumb/v7-m/nofp\libg_nano.a(lib_a-findfp.o)
                0x08001334                __sfp
 .text._fwalk_reent
                0x080013c0       0x3e f:/stm32/tools/gcc-arm-none-eabi-10.3-2021.10/bin/../lib/gcc/arm-none-eabi/10.3.1/../../../../arm-none-eabi/lib/thumb/v7-m/nofp\libg_nano.a(lib_a-fwalk.o)
                0x080013c0                _fwalk_reent
 .text.__retarget_lock_init_recursive
                0x080013fe        0x2 f:/stm32/tools/gcc-arm-none-eabi-10.3-2021.10/bin/../lib/gcc/arm-none-eabi/10.3.1/../../../../arm-none-eabi/lib/thumb/v7-m/nofp\libg_nano.a(lib_a-lock.o)
                0x080013fe                __retarget_lock_init_recursive
 .text.__retarget_lock_acquire_recursive
                0x08001400        0x2 f:/stm32/tools/gcc-arm-none-eabi-10.3-2021.10/bin/../lib/gcc/arm-none-eabi/10.3.1/../../../../arm-none-eabi/lib/thumb/v7-m/nofp\libg_nano.a(lib_a-lock.o)
                0x08001400                __retarget_lock_acquire_recursive
 .text.__retarget_lock_release_recursive
                0x08001402        0x2 f:/stm32/tools/gcc-arm-none-eabi-10.3-2021.10/bin/../lib/gcc/arm-none-eabi/10.3.1/../../../../arm-none-eabi/lib/thumb/v7-m/nofp\libg_nano.a(lib_a-lock.o)
                0x08001402                __retarget_lock_release_recursive
 .text.__swhatbuf_r
                0x08001404       0x4a f:/stm32/tools/gcc-arm-none-eabi-10.3-2021.10/bin/../lib/gcc/arm-none-eabi/10.3.1/../../../../arm-none-eabi/lib/thumb/v7-m/nofp\libg_nano.a(lib_a-makebuf.o)
                0x08001404                __swhatbuf_r
 *fill*         0x0800144e        0x2 
 .text.__smakebuf_r
                0x08001450       0x80 f:/stm32/tools/gcc-arm-none-eabi-10.3-2021.10/bin/../lib/gcc/arm-none-eabi/10.3.1/../../../../arm-none-eabi/lib/thumb/v7-m/nofp\libg_nano.a(lib_a-makebuf.o)
                0x08001450                __smakebuf_r
 .text.malloc   0x080014d0       0x10 f:/stm32/tools/gcc-arm-none-eabi-10.3-2021.10/bin/../lib/gcc/arm-none-eabi/10.3.1/../../../../arm-none-eabi/lib/thumb/v7-m/nofp\libg_nano.a(lib_a-malloc.o)
                0x080014d0                malloc
 .text._free_r  0x080014e0       0x90 f:/stm32/tools/gcc-arm-none-eabi-10.3-2021.10/bin/../lib/gcc/arm-none-eabi/10.3.1/../../../../arm-none-eabi/lib/thumb/v7-m/nofp\libg_nano.a(lib_a-nano-freer.o)
                0x080014e0                _free_r
 .text.sbrk_aligned
                0x08001570       0x40 f:/stm32/tools/gcc-arm-none-eabi-10.3-2021.10/bin/../lib/gcc/arm-none-eabi/10.3.1/../../../../arm-none-eabi/lib/thumb/v7-m/nofp\libg_nano.a(lib_a-nano-mallocr.o)
 .text._malloc_r
                0x080015b0       0xe8 f:/stm32/tools/gcc-arm-none-eabi-10.3-2021.10/bin/../lib/gcc/arm-none-eabi/10.3.1/../../../../arm-none-eabi/lib/thumb/v7-m/nofp\libg_nano.a(lib_a-nano-mallocr.o)
                0x080015b0                _malloc_r
 .text.__sfputc_r
                0x08001698       0x2a f:/stm32/tools/gcc-arm-none-eabi-10.3-2021.10/bin/../lib/gcc/arm-none-eabi/10.3.1/../../../../arm-none-eabi/lib/thumb/v7-m/nofp\libg_nano.a(lib_a-nano-vfprintf.o)
 .text.__sfputs_r
                0x080016c2       0x24 f:/stm32/tools/gcc-arm-none-eabi-10.3-2021.10/bin/../lib/gcc/arm-none-eabi/10.3.1/../../../../arm-none-eabi/lib/thumb/v7-m/nofp\libg_nano.a(lib_a-nano-vfprintf.o)
                0x080016c2                __sfputs_r
 *fill*         0x080016e6        0x2 
 .text._vfprintf_r
                0x080016e8      0x260 f:/stm32/tools/gcc-arm-none-eabi-10.3-2021.10/bin/../lib/gcc/arm-none-eabi/10.3.1/../../../../arm-none-eabi/lib/thumb/v7-m/nofp\libg_nano.a(lib_a-nano-vfprintf.o)
                0x080016e8                _vfprintf_r
                0x080016e8                _vfiprintf_r
 .text._printf_common
                0x08001948       0xde f:/stm32/tools/gcc-arm-none-eabi-10.3-2021.10/bin/../lib/gcc/arm-none-eabi/10.3.1/../../../../arm-none-eabi/lib/thumb/v7-m/nofp\libg_nano.a(lib_a-nano-vfprintf_i.o)
                0x08001948                _printf_common
 *fill*         0x08001a26        0x2 
 .text._printf_i
                0x08001a28      0x24c f:/stm32/tools/gcc-arm-none-eabi-10.3-2021.10/bin/../lib/gcc/arm-none-eabi/10.3.1/../../../../arm-none-eabi/lib/thumb/v7-m/nofp\libg_nano.a(lib_a-nano-vfprintf_i.o)
                0x08001a28                _printf_i
 .text._sbrk_r  0x08001c74       0x20 f:/stm32/tools/gcc-arm-none-eabi-10.3-2021.10/bin/../lib/gcc/arm-none-eabi/10.3.1/../../../../arm-none-eabi/lib/thumb/v7-m/nofp\libg_nano.a(lib_a-sbrkr.o)
                0x08001c74                _sbrk_r
 .text.__sread  0x08001c94       0x22 f:/stm32/tools/gcc-arm-none-eabi-10.3-2021.10/bin/../lib/gcc/arm-none-eabi/10.3.1/../../../../arm-none-eabi/lib/thumb/v7-m/nofp\libg_nano.a(lib_a-stdio.o)
                0x08001c94                __sread
 .text.__swrite
                0x08001cb6       0x38 f:/stm32/tools/gcc-arm-none-eabi-10.3-2021.10/bin/../lib/gcc/arm-none-eabi/10.3.1/../../../../arm-none-eabi/lib/thumb/v7-m/nofp\libg_nano.a(lib_a-stdio.o)
                0x08001cb6                __swrite
 .text.__sseek  0x08001cee       0x24 f:/stm32/tools/gcc-arm-none-eabi-10.3-2021.10/bin/../lib/gcc/arm-none-eabi/10.3.1/../../../../arm-none-eabi/lib/thumb/v7-m/nofp\libg_nano.a(lib_a-stdio.o)
                0x08001cee                __sseek
 .text.__sclose
                0x08001d12        0x8 f:/stm32/tools/gcc-arm-none-eabi-10.3-2021.10/bin/../lib/gcc/arm-none-eabi/10.3.1/../../../../arm-none-eabi/lib/thumb/v7-m/nofp\libg_nano.a(lib_a-stdio.o)
                0x08001d12                __sclose
 *fill*         0x08001d1a        0x2 
 .text.__swbuf_r
                0x08001d1c       0xa4 f:/stm32/tools/gcc-arm-none-eabi-10.3-2021.10/bin/../lib/gcc/arm-none-eabi/10.3.1/../../../../arm-none-eabi/lib/thumb/v7-m/nofp\libg_nano.a(lib_a-wbuf.o)
                0x08001d1c                __swbuf_r
 .text._write_r
                0x08001dc0       0x24 f:/stm32/tools/gcc-arm-none-eabi-10.3-2021.10/bin/../lib/gcc/arm-none-eabi/10.3.1/../../../../arm-none-eabi/lib/thumb/v7-m/nofp\libg_nano.a(lib_a-writer.o)
                0x08001dc0                _write_r
 .text.__swsetup_r
                0x08001de4       0xdc f:/stm32/tools/gcc-arm-none-eabi-10.3-2021.10/bin/../lib/gcc/arm-none-eabi/10.3.1/../../../../arm-none-eabi/lib/thumb/v7-m/nofp\libg_nano.a(lib_a-wsetup.o)
                0x08001de4                __swsetup_r
 .text._close_r
                0x08001ec0       0x20 f:/stm32/tools/gcc-arm-none-eabi-10.3-2021.10/bin/../lib/gcc/arm-none-eabi/10.3.1/../../../../arm-none-eabi/lib/thumb/v7-m/nofp\libg_nano.a(lib_a-closer.o)
                0x08001ec0                _close_r
 .text._fstat_r
                0x08001ee0       0x24 f:/stm32/tools/gcc-arm-none-eabi-10.3-2021.10/bin/../lib/gcc/arm-none-eabi/10.3.1/../../../../arm-none-eabi/lib/thumb/v7-m/nofp\libg_nano.a(lib_a-fstatr.o)
                0x08001ee0                _fstat_r
 .text._isatty_r
                0x08001f04       0x20 f:/stm32/tools/gcc-arm-none-eabi-10.3-2021.10/bin/../lib/gcc/arm-none-eabi/10.3.1/../../../../arm-none-eabi/lib/thumb/v7-m/nofp\libg_nano.a(lib_a-isattyr.o)
                0x08001f04                _isatty_r
 .text._lseek_r
                0x08001f24       0x24 f:/stm32/tools/gcc-arm-none-eabi-10.3-2021.10/bin/../lib/gcc/arm-none-eabi/10.3.1/../../../../arm-none-eabi/lib/thumb/v7-m/nofp\libg_nano.a(lib_a-lseekr.o)
                0x08001f24                _lseek_r
 .text.memchr   0x08001f48       0x1c f:/stm32/tools/gcc-arm-none-eabi-10.3-2021.10/bin/../lib/gcc/arm-none-eabi/10.3.1/../../../../arm-none-eabi/lib/thumb/v7-m/nofp\libg_nano.a(lib_a-memchr-stub.o)
                0x08001f48                memchr
 .text.__malloc_lock
                0x08001f64        0xc f:/stm32/tools/gcc-arm-none-eabi-10.3-2021.10/bin/../lib/gcc/arm-none-eabi/10.3.1/../../../../arm-none-eabi/lib/thumb/v7-m/nofp\libg_nano.a(lib_a-mlock.o)
                0x08001f64                __malloc_lock
 .text.__malloc_unlock
                0x08001f70        0xc f:/stm32/tools/gcc-arm-none-eabi-10.3-2021.10/bin/../lib/gcc/arm-none-eabi/10.3.1/../../../../arm-none-eabi/lib/thumb/v7-m/nofp\libg_nano.a(lib_a-mlock.o)
                0x08001f70                __malloc_unlock
 .text._read_r  0x08001f7c       0x24 f:/stm32/tools/gcc-arm-none-eabi-10.3-2021.10/bin/../lib/gcc/arm-none-eabi/10.3.1/../../../../arm-none-eabi/lib/thumb/v7-m/nofp\libg_nano.a(lib_a-readr.o)
                0x08001f7c                _read_r
 .text._fstat   0x08001fa0       0x10 f:/stm32/tools/gcc-arm-none-eabi-10.3-2021.10/bin/../lib/gcc/arm-none-eabi/10.3.1/../../../../arm-none-eabi/lib/thumb/v7-m/nofp\libnosys.a(fstat.o)
                0x08001fa0                _fstat
 .text._sbrk    0x08001fb0       0x1c f:/stm32/tools/gcc-arm-none-eabi-10.3-2021.10/bin/../lib/gcc/arm-none-eabi/10.3.1/../../../../arm-none-eabi/lib/thumb/v7-m/nofp\libnosys.a(sbrk.o)
                0x08001fb0                _sbrk
 *(.glue_7)
 .glue_7        0x08001fcc        0x0 linker stubs
 *(.glue_7t)
 .glue_7t       0x08001fcc        0x0 linker stubs
 *(.eh_frame)
 .eh_frame      0x08001fcc        0x0 f:/stm32/tools/gcc-arm-none-eabi-10.3-2021.10/bin/../lib/gcc/arm-none-eabi/10.3.1/thumb/v7-m/nofp/crtbegin.o
 *(.init)
 .init          0x08001fcc        0x4 f:/stm32/tools/gcc-arm-none-eabi-10.3-2021.10/bin/../lib/gcc/arm-none-eabi/10.3.1/thumb/v7-m/nofp/crti.o
                0x08001fcc                _init
 .init          0x08001fd0        0x8 f:/stm32/tools/gcc-arm-none-eabi-10.3-2021.10/bin/../lib/gcc/arm-none-eabi/10.3.1/thumb/v7-m/nofp/crtn.o
 *(.fini)
 .fini          0x08001fd8        0x4 f:/stm32/tools/gcc-arm-none-eabi-10.3-2021.10/bin/../lib/gcc/arm-none-eabi/10.3.1/thumb/v7-m/nofp/crti.o
                0x08001fd8                _fini
 .fini          0x08001fdc        0x8 f:/stm32/tools/gcc-arm-none-eabi-10.3-2021.10/bin/../lib/gcc/arm-none-eabi/10.3.1/thumb/v7-m/nofp/crtn.o
                0x08001fe4                . = ALIGN (0x4)
                0x08001fe4                _etext = .

.vfp11_veneer   0x08001fe4        0x0
 .vfp11_veneer  0x08001fe4        0x0 linker stubs

.v4_bx          0x08001fe4        0x0
 .v4_bx         0x08001fe4        0x0 linker stubs

.iplt           0x08001fe4        0x0
 .iplt          0x08001fe4        0x0 f:/stm32/tools/gcc-arm-none-eabi-10.3-2021.10/bin/../lib/gcc/arm-none-eabi/10.3.1/thumb/v7-m/nofp/crtbegin.o

.rodata         0x08001fe4       0xa0
                0x08001fe4                . = ALIGN (0x4)
 *(.rodata)
 .rodata        0x08001fe4        0x6 CMakeFiles/TemplateF103.elf.dir/Core/Src/main.c.obj
 *(.rodata*)
 *fill*         0x08001fea        0x2 
 .rodata._global_impure_ptr
                0x08001fec        0x4 f:/stm32/tools/gcc-arm-none-eabi-10.3-2021.10/bin/../lib/gcc/arm-none-eabi/10.3.1/../../../../arm-none-eabi/lib/thumb/v7-m/nofp\libg_nano.a(lib_a-impure.o)
                0x08001fec                _global_impure_ptr
 .rodata.__sf_fake_stderr
                0x08001ff0       0x20 f:/stm32/tools/gcc-arm-none-eabi-10.3-2021.10/bin/../lib/gcc/arm-none-eabi/10.3.1/../../../../arm-none-eabi/lib/thumb/v7-m/nofp\libg_nano.a(lib_a-findfp.o)
                0x08001ff0                __sf_fake_stderr
 .rodata.__sf_fake_stdin
                0x08002010       0x20 f:/stm32/tools/gcc-arm-none-eabi-10.3-2021.10/bin/../lib/gcc/arm-none-eabi/10.3.1/../../../../arm-none-eabi/lib/thumb/v7-m/nofp\libg_nano.a(lib_a-findfp.o)
                0x08002010                __sf_fake_stdin
 .rodata.__sf_fake_stdout
                0x08002030       0x20 f:/stm32/tools/gcc-arm-none-eabi-10.3-2021.10/bin/../lib/gcc/arm-none-eabi/10.3.1/../../../../arm-none-eabi/lib/thumb/v7-m/nofp\libg_nano.a(lib_a-findfp.o)
                0x08002030                __sf_fake_stdout
 .rodata._vfprintf_r.str1.1
                0x08002050       0x11 f:/stm32/tools/gcc-arm-none-eabi-10.3-2021.10/bin/../lib/gcc/arm-none-eabi/10.3.1/../../../../arm-none-eabi/lib/thumb/v7-m/nofp\libg_nano.a(lib_a-nano-vfprintf.o)
 .rodata._printf_i.str1.1
                0x08002061       0x22 f:/stm32/tools/gcc-arm-none-eabi-10.3-2021.10/bin/../lib/gcc/arm-none-eabi/10.3.1/../../../../arm-none-eabi/lib/thumb/v7-m/nofp\libg_nano.a(lib_a-nano-vfprintf_i.o)
                0x08002084                . = ALIGN (0x4)
 *fill*         0x08002083        0x1 

.rel.dyn        0x08002084        0x0
 .rel.iplt      0x08002084        0x0 f:/stm32/tools/gcc-arm-none-eabi-10.3-2021.10/bin/../lib/gcc/arm-none-eabi/10.3.1/thumb/v7-m/nofp/crtbegin.o

.ARM.extab
 *(.ARM.extab* .gnu.linkonce.armextab.*)

.ARM            0x08002084        0x0
                0x08002084                __exidx_start = .
 *(.ARM.exidx*)
                0x08002084                __exidx_end = .

.preinit_array  0x08002084        0x0
                0x08002084                PROVIDE (__preinit_array_start = .)
 *(.preinit_array*)
                0x08002084                PROVIDE (__preinit_array_end = .)

.init_array     0x08002084        0x4
                0x08002084                PROVIDE (__init_array_start = .)
 *(SORT_BY_NAME(.init_array.*))
 *(.init_array*)
 .init_array    0x08002084        0x4 f:/stm32/tools/gcc-arm-none-eabi-10.3-2021.10/bin/../lib/gcc/arm-none-eabi/10.3.1/thumb/v7-m/nofp/crtbegin.o
                0x08002088                PROVIDE (__init_array_end = .)

.fini_array     0x08002088        0x4
                [!provide]                PROVIDE (__fini_array_start = .)
 *(SORT_BY_NAME(.fini_array.*))
 *(.fini_array*)
 .fini_array    0x08002088        0x4 f:/stm32/tools/gcc-arm-none-eabi-10.3-2021.10/bin/../lib/gcc/arm-none-eabi/10.3.1/thumb/v7-m/nofp/crtbegin.o
                [!provide]                PROVIDE (__fini_array_end = .)
                0x0800208c                _sidata = LOADADDR (.data)

.data           0x20000000       0x80 load address 0x0800208c
                0x20000000                . = ALIGN (0x4)
                0x20000000                _sdata = .
 *(.data)
 *(.data*)
 .data.TRUE     0x20000000        0x4 CMakeFiles/TemplateF103.elf.dir/Core/Src/main.c.obj
                0x20000000                TRUE
 .data.SystemCoreClock
                0x20000004        0x4 CMakeFiles/TemplateF103.elf.dir/Core/Src/system_stm32f10x.c.obj
                0x20000004                SystemCoreClock
 .data.APBAHBPrescTable
                0x20000008       0x10 CMakeFiles/TemplateF103.elf.dir/STM32F10x_FWLib/Src/stm32f10x_rcc.c.obj
 .data.ADCPrescTable
                0x20000018        0x4 CMakeFiles/TemplateF103.elf.dir/STM32F10x_FWLib/Src/stm32f10x_rcc.c.obj
 .data._impure_ptr
                0x2000001c        0x4 f:/stm32/tools/gcc-arm-none-eabi-10.3-2021.10/bin/../lib/gcc/arm-none-eabi/10.3.1/../../../../arm-none-eabi/lib/thumb/v7-m/nofp\libg_nano.a(lib_a-impure.o)
                0x2000001c                _impure_ptr
 .data.impure_data
                0x20000020       0x60 f:/stm32/tools/gcc-arm-none-eabi-10.3-2021.10/bin/../lib/gcc/arm-none-eabi/10.3.1/../../../../arm-none-eabi/lib/thumb/v7-m/nofp\libg_nano.a(lib_a-impure.o)
                0x20000080                . = ALIGN (0x4)
                0x20000080                _edata = .

.igot.plt       0x20000080        0x0 load address 0x0800210c
 .igot.plt      0x20000080        0x0 f:/stm32/tools/gcc-arm-none-eabi-10.3-2021.10/bin/../lib/gcc/arm-none-eabi/10.3.1/thumb/v7-m/nofp/crtbegin.o
                0x20000080                . = ALIGN (0x4)

.bss            0x20000080      0x104 load address 0x0800210c
                0x20000080                _sbss = .
                0x20000080                __bss_start__ = _sbss
 *(.bss)
 .bss           0x20000080       0x1c f:/stm32/tools/gcc-arm-none-eabi-10.3-2021.10/bin/../lib/gcc/arm-none-eabi/10.3.1/thumb/v7-m/nofp/crtbegin.o
 *(.bss*)
 .bss.fac_us    0x2000009c        0x1 CMakeFiles/TemplateF103.elf.dir/SYSTEM/Src/delay.c.obj
 *fill*         0x2000009d        0x1 
 .bss.fac_ms    0x2000009e        0x2 CMakeFiles/TemplateF103.elf.dir/SYSTEM/Src/delay.c.obj
 .bss.G_uart    0x200000a0        0x4 CMakeFiles/TemplateF103.elf.dir/SYSTEM/Src/usart.c.obj
                0x200000a0                G_uart
 .bss.USART_RX_BUF
                0x200000a4       0xc8 CMakeFiles/TemplateF103.elf.dir/SYSTEM/Src/usart.c.obj
                0x200000a4                USART_RX_BUF
 .bss.USART_RX_STA
                0x2000016c        0x2 CMakeFiles/TemplateF103.elf.dir/SYSTEM/Src/usart.c.obj
                0x2000016c                USART_RX_STA
 .bss.__lock___malloc_recursive_mutex
                0x2000016e        0x1 f:/stm32/tools/gcc-arm-none-eabi-10.3-2021.10/bin/../lib/gcc/arm-none-eabi/10.3.1/../../../../arm-none-eabi/lib/thumb/v7-m/nofp\libg_nano.a(lib_a-lock.o)
                0x2000016e                __lock___malloc_recursive_mutex
 .bss.__lock___sfp_recursive_mutex
                0x2000016f        0x1 f:/stm32/tools/gcc-arm-none-eabi-10.3-2021.10/bin/../lib/gcc/arm-none-eabi/10.3.1/../../../../arm-none-eabi/lib/thumb/v7-m/nofp\libg_nano.a(lib_a-lock.o)
                0x2000016f                __lock___sfp_recursive_mutex
 .bss.__lock___sinit_recursive_mutex
                0x20000170        0x1 f:/stm32/tools/gcc-arm-none-eabi-10.3-2021.10/bin/../lib/gcc/arm-none-eabi/10.3.1/../../../../arm-none-eabi/lib/thumb/v7-m/nofp\libg_nano.a(lib_a-lock.o)
                0x20000170                __lock___sinit_recursive_mutex
 *fill*         0x20000171        0x3 
 .bss.__malloc_free_list
                0x20000174        0x4 f:/stm32/tools/gcc-arm-none-eabi-10.3-2021.10/bin/../lib/gcc/arm-none-eabi/10.3.1/../../../../arm-none-eabi/lib/thumb/v7-m/nofp\libg_nano.a(lib_a-nano-mallocr.o)
                0x20000174                __malloc_free_list
 .bss.__malloc_sbrk_start
                0x20000178        0x4 f:/stm32/tools/gcc-arm-none-eabi-10.3-2021.10/bin/../lib/gcc/arm-none-eabi/10.3.1/../../../../arm-none-eabi/lib/thumb/v7-m/nofp\libg_nano.a(lib_a-nano-mallocr.o)
                0x20000178                __malloc_sbrk_start
 .bss.errno     0x2000017c        0x4 f:/stm32/tools/gcc-arm-none-eabi-10.3-2021.10/bin/../lib/gcc/arm-none-eabi/10.3.1/../../../../arm-none-eabi/lib/thumb/v7-m/nofp\libg_nano.a(lib_a-reent.o)
                0x2000017c                errno
 .bss.heap_end.0
                0x20000180        0x4 f:/stm32/tools/gcc-arm-none-eabi-10.3-2021.10/bin/../lib/gcc/arm-none-eabi/10.3.1/../../../../arm-none-eabi/lib/thumb/v7-m/nofp\libnosys.a(sbrk.o)
 *(COMMON)
                0x20000184                . = ALIGN (0x4)
                0x20000184                _ebss = .
                0x20000184                __bss_end__ = _ebss

._user_heap_stack
                0x20000184     0x1404 load address 0x0800210c
                0x20000188                . = ALIGN (0x8)
 *fill*         0x20000184        0x4 
                0x20000188                PROVIDE (end = .)
                [!provide]                PROVIDE (_end = .)
                0x20001188                . = (. + _Min_Heap_Size)
 *fill*         0x20000188     0x1000 
                0x20001588                . = (. + _Min_Stack_Size)
 *fill*         0x20001188      0x400 
                0x20001588                . = ALIGN (0x8)

/DISCARD/
 libc.a(*)
 libm.a(*)
 libgcc.a(*)

.ARM.attributes
                0x00000000       0x29
 *(.ARM.attributes)
 .ARM.attributes
                0x00000000       0x1d f:/stm32/tools/gcc-arm-none-eabi-10.3-2021.10/bin/../lib/gcc/arm-none-eabi/10.3.1/thumb/v7-m/nofp/crti.o
 .ARM.attributes
                0x0000001d       0x2d f:/stm32/tools/gcc-arm-none-eabi-10.3-2021.10/bin/../lib/gcc/arm-none-eabi/10.3.1/thumb/v7-m/nofp/crtbegin.o
 .ARM.attributes
                0x0000004a       0x2d CMakeFiles/TemplateF103.elf.dir/Core/Src/main.c.obj
 .ARM.attributes
                0x00000077       0x2d CMakeFiles/TemplateF103.elf.dir/Core/Src/stm32f10x_it.c.obj
 .ARM.attributes
                0x000000a4       0x2d CMakeFiles/TemplateF103.elf.dir/Core/Src/system_stm32f10x.c.obj
 .ARM.attributes
                0x000000d1       0x2d CMakeFiles/TemplateF103.elf.dir/STM32F10x_FWLib/Src/misc.c.obj
 .ARM.attributes
                0x000000fe       0x2d CMakeFiles/TemplateF103.elf.dir/STM32F10x_FWLib/Src/stm32f10x_gpio.c.obj
 .ARM.attributes
                0x0000012b       0x2d CMakeFiles/TemplateF103.elf.dir/STM32F10x_FWLib/Src/stm32f10x_rcc.c.obj
 .ARM.attributes
                0x00000158       0x2d CMakeFiles/TemplateF103.elf.dir/STM32F10x_FWLib/Src/stm32f10x_usart.c.obj
 .ARM.attributes
                0x00000185       0x2d CMakeFiles/TemplateF103.elf.dir/SYSTEM/Src/delay.c.obj
 .ARM.attributes
                0x000001b2       0x2d CMakeFiles/TemplateF103.elf.dir/SYSTEM/Src/usart.c.obj
 .ARM.attributes
                0x000001df       0x21 CMakeFiles/TemplateF103.elf.dir/startup/startup_stm32f103xb.s.obj
 .ARM.attributes
                0x00000200       0x2d f:/stm32/tools/gcc-arm-none-eabi-10.3-2021.10/bin/../lib/gcc/arm-none-eabi/10.3.1/../../../../arm-none-eabi/lib/thumb/v7-m/nofp\libg_nano.a(lib_a-impure.o)
 .ARM.attributes
                0x0000022d       0x2d f:/stm32/tools/gcc-arm-none-eabi-10.3-2021.10/bin/../lib/gcc/arm-none-eabi/10.3.1/../../../../arm-none-eabi/lib/thumb/v7-m/nofp\libg_nano.a(lib_a-init.o)
 .ARM.attributes
                0x0000025a       0x2d f:/stm32/tools/gcc-arm-none-eabi-10.3-2021.10/bin/../lib/gcc/arm-none-eabi/10.3.1/../../../../arm-none-eabi/lib/thumb/v7-m/nofp\libg_nano.a(lib_a-memset.o)
 .ARM.attributes
                0x00000287       0x2d f:/stm32/tools/gcc-arm-none-eabi-10.3-2021.10/bin/../lib/gcc/arm-none-eabi/10.3.1/../../../../arm-none-eabi/lib/thumb/v7-m/nofp\libg_nano.a(lib_a-printf.o)
 .ARM.attributes
                0x000002b4       0x2d f:/stm32/tools/gcc-arm-none-eabi-10.3-2021.10/bin/../lib/gcc/arm-none-eabi/10.3.1/../../../../arm-none-eabi/lib/thumb/v7-m/nofp\libg_nano.a(lib_a-setvbuf.o)
 .ARM.attributes
                0x000002e1       0x2d f:/stm32/tools/gcc-arm-none-eabi-10.3-2021.10/bin/../lib/gcc/arm-none-eabi/10.3.1/../../../../arm-none-eabi/lib/thumb/v7-m/nofp\libg_nano.a(lib_a-fflush.o)
 .ARM.attributes
                0x0000030e       0x2d f:/stm32/tools/gcc-arm-none-eabi-10.3-2021.10/bin/../lib/gcc/arm-none-eabi/10.3.1/../../../../arm-none-eabi/lib/thumb/v7-m/nofp\libg_nano.a(lib_a-findfp.o)
 .ARM.attributes
                0x0000033b       0x2d f:/stm32/tools/gcc-arm-none-eabi-10.3-2021.10/bin/../lib/gcc/arm-none-eabi/10.3.1/../../../../arm-none-eabi/lib/thumb/v7-m/nofp\libg_nano.a(lib_a-fwalk.o)
 .ARM.attributes
                0x00000368       0x2d f:/stm32/tools/gcc-arm-none-eabi-10.3-2021.10/bin/../lib/gcc/arm-none-eabi/10.3.1/../../../../arm-none-eabi/lib/thumb/v7-m/nofp\libg_nano.a(lib_a-lock.o)
 .ARM.attributes
                0x00000395       0x2d f:/stm32/tools/gcc-arm-none-eabi-10.3-2021.10/bin/../lib/gcc/arm-none-eabi/10.3.1/../../../../arm-none-eabi/lib/thumb/v7-m/nofp\libg_nano.a(lib_a-makebuf.o)
 .ARM.attributes
                0x000003c2       0x2d f:/stm32/tools/gcc-arm-none-eabi-10.3-2021.10/bin/../lib/gcc/arm-none-eabi/10.3.1/../../../../arm-none-eabi/lib/thumb/v7-m/nofp\libg_nano.a(lib_a-malloc.o)
 .ARM.attributes
                0x000003ef       0x2d f:/stm32/tools/gcc-arm-none-eabi-10.3-2021.10/bin/../lib/gcc/arm-none-eabi/10.3.1/../../../../arm-none-eabi/lib/thumb/v7-m/nofp\libg_nano.a(lib_a-nano-freer.o)
 .ARM.attributes
                0x0000041c       0x2d f:/stm32/tools/gcc-arm-none-eabi-10.3-2021.10/bin/../lib/gcc/arm-none-eabi/10.3.1/../../../../arm-none-eabi/lib/thumb/v7-m/nofp\libg_nano.a(lib_a-nano-mallocr.o)
 .ARM.attributes
                0x00000449       0x2d f:/stm32/tools/gcc-arm-none-eabi-10.3-2021.10/bin/../lib/gcc/arm-none-eabi/10.3.1/../../../../arm-none-eabi/lib/thumb/v7-m/nofp\libg_nano.a(lib_a-nano-vfprintf.o)
 .ARM.attributes
                0x00000476       0x2d f:/stm32/tools/gcc-arm-none-eabi-10.3-2021.10/bin/../lib/gcc/arm-none-eabi/10.3.1/../../../../arm-none-eabi/lib/thumb/v7-m/nofp\libg_nano.a(lib_a-nano-vfprintf_i.o)
 .ARM.attributes
                0x000004a3       0x2d f:/stm32/tools/gcc-arm-none-eabi-10.3-2021.10/bin/../lib/gcc/arm-none-eabi/10.3.1/../../../../arm-none-eabi/lib/thumb/v7-m/nofp\libg_nano.a(lib_a-sbrkr.o)
 .ARM.attributes
                0x000004d0       0x2d f:/stm32/tools/gcc-arm-none-eabi-10.3-2021.10/bin/../lib/gcc/arm-none-eabi/10.3.1/../../../../arm-none-eabi/lib/thumb/v7-m/nofp\libg_nano.a(lib_a-stdio.o)
 .ARM.attributes
                0x000004fd       0x2d f:/stm32/tools/gcc-arm-none-eabi-10.3-2021.10/bin/../lib/gcc/arm-none-eabi/10.3.1/../../../../arm-none-eabi/lib/thumb/v7-m/nofp\libg_nano.a(lib_a-wbuf.o)
 .ARM.attributes
                0x0000052a       0x2d f:/stm32/tools/gcc-arm-none-eabi-10.3-2021.10/bin/../lib/gcc/arm-none-eabi/10.3.1/../../../../arm-none-eabi/lib/thumb/v7-m/nofp\libg_nano.a(lib_a-writer.o)
 .ARM.attributes
                0x00000557       0x2d f:/stm32/tools/gcc-arm-none-eabi-10.3-2021.10/bin/../lib/gcc/arm-none-eabi/10.3.1/../../../../arm-none-eabi/lib/thumb/v7-m/nofp\libg_nano.a(lib_a-wsetup.o)
 .ARM.attributes
                0x00000584       0x2d f:/stm32/tools/gcc-arm-none-eabi-10.3-2021.10/bin/../lib/gcc/arm-none-eabi/10.3.1/../../../../arm-none-eabi/lib/thumb/v7-m/nofp\libg_nano.a(lib_a-closer.o)
 .ARM.attributes
                0x000005b1       0x2d f:/stm32/tools/gcc-arm-none-eabi-10.3-2021.10/bin/../lib/gcc/arm-none-eabi/10.3.1/../../../../arm-none-eabi/lib/thumb/v7-m/nofp\libg_nano.a(lib_a-fstatr.o)
 .ARM.attributes
                0x000005de       0x2d f:/stm32/tools/gcc-arm-none-eabi-10.3-2021.10/bin/../lib/gcc/arm-none-eabi/10.3.1/../../../../arm-none-eabi/lib/thumb/v7-m/nofp\libg_nano.a(lib_a-isattyr.o)
 .ARM.attributes
                0x0000060b       0x2d f:/stm32/tools/gcc-arm-none-eabi-10.3-2021.10/bin/../lib/gcc/arm-none-eabi/10.3.1/../../../../arm-none-eabi/lib/thumb/v7-m/nofp\libg_nano.a(lib_a-lseekr.o)
 .ARM.attributes
                0x00000638       0x2d f:/stm32/tools/gcc-arm-none-eabi-10.3-2021.10/bin/../lib/gcc/arm-none-eabi/10.3.1/../../../../arm-none-eabi/lib/thumb/v7-m/nofp\libg_nano.a(lib_a-memchr-stub.o)
 .ARM.attributes
                0x00000665       0x2d f:/stm32/tools/gcc-arm-none-eabi-10.3-2021.10/bin/../lib/gcc/arm-none-eabi/10.3.1/../../../../arm-none-eabi/lib/thumb/v7-m/nofp\libg_nano.a(lib_a-mlock.o)
 .ARM.attributes
                0x00000692       0x2d f:/stm32/tools/gcc-arm-none-eabi-10.3-2021.10/bin/../lib/gcc/arm-none-eabi/10.3.1/../../../../arm-none-eabi/lib/thumb/v7-m/nofp\libg_nano.a(lib_a-readr.o)
 .ARM.attributes
                0x000006bf       0x2d f:/stm32/tools/gcc-arm-none-eabi-10.3-2021.10/bin/../lib/gcc/arm-none-eabi/10.3.1/../../../../arm-none-eabi/lib/thumb/v7-m/nofp\libg_nano.a(lib_a-reent.o)
 .ARM.attributes
                0x000006ec       0x2d f:/stm32/tools/gcc-arm-none-eabi-10.3-2021.10/bin/../lib/gcc/arm-none-eabi/10.3.1/../../../../arm-none-eabi/lib/thumb/v7-m/nofp\libnosys.a(fstat.o)
 .ARM.attributes
                0x00000719       0x2d f:/stm32/tools/gcc-arm-none-eabi-10.3-2021.10/bin/../lib/gcc/arm-none-eabi/10.3.1/../../../../arm-none-eabi/lib/thumb/v7-m/nofp\libnosys.a(sbrk.o)
 .ARM.attributes
                0x00000746       0x1d f:/stm32/tools/gcc-arm-none-eabi-10.3-2021.10/bin/../lib/gcc/arm-none-eabi/10.3.1/thumb/v7-m/nofp/crtn.o
OUTPUT(TemplateF103.elf elf32-littlearm)
LOAD linker stubs
LOAD f:/stm32/tools/gcc-arm-none-eabi-10.3-2021.10/bin/../lib/gcc/arm-none-eabi/10.3.1/../../../../arm-none-eabi/lib/thumb/v7-m/nofp\libc.a
LOAD f:/stm32/tools/gcc-arm-none-eabi-10.3-2021.10/bin/../lib/gcc/arm-none-eabi/10.3.1/../../../../arm-none-eabi/lib/thumb/v7-m/nofp\libm.a
LOAD f:/stm32/tools/gcc-arm-none-eabi-10.3-2021.10/bin/../lib/gcc/arm-none-eabi/10.3.1/thumb/v7-m/nofp\libgcc.a

.debug_info     0x00000000     0x3817
 .debug_info    0x00000000      0x1aa CMakeFiles/TemplateF103.elf.dir/Core/Src/main.c.obj
 .debug_info    0x000001aa      0x10e CMakeFiles/TemplateF103.elf.dir/Core/Src/stm32f10x_it.c.obj
 .debug_info    0x000002b8      0x475 CMakeFiles/TemplateF103.elf.dir/Core/Src/system_stm32f10x.c.obj
 .debug_info    0x0000072d      0x50c CMakeFiles/TemplateF103.elf.dir/STM32F10x_FWLib/Src/misc.c.obj
 .debug_info    0x00000c39      0x72e CMakeFiles/TemplateF103.elf.dir/STM32F10x_FWLib/Src/stm32f10x_gpio.c.obj
 .debug_info    0x00001367      0x8f3 CMakeFiles/TemplateF103.elf.dir/STM32F10x_FWLib/Src/stm32f10x_rcc.c.obj
 .debug_info    0x00001c5a      0xa5b CMakeFiles/TemplateF103.elf.dir/STM32F10x_FWLib/Src/stm32f10x_usart.c.obj
 .debug_info    0x000026b5      0x1e0 CMakeFiles/TemplateF103.elf.dir/SYSTEM/Src/delay.c.obj
 .debug_info    0x00002895      0xf60 CMakeFiles/TemplateF103.elf.dir/SYSTEM/Src/usart.c.obj
 .debug_info    0x000037f5       0x22 CMakeFiles/TemplateF103.elf.dir/startup/startup_stm32f103xb.s.obj

.debug_abbrev   0x00000000      0xd35
 .debug_abbrev  0x00000000       0xaf CMakeFiles/TemplateF103.elf.dir/Core/Src/main.c.obj
 .debug_abbrev  0x000000af       0x44 CMakeFiles/TemplateF103.elf.dir/Core/Src/stm32f10x_it.c.obj
 .debug_abbrev  0x000000f3      0x1ae CMakeFiles/TemplateF103.elf.dir/Core/Src/system_stm32f10x.c.obj
 .debug_abbrev  0x000002a1      0x181 CMakeFiles/TemplateF103.elf.dir/STM32F10x_FWLib/Src/misc.c.obj
 .debug_abbrev  0x00000422      0x1e9 CMakeFiles/TemplateF103.elf.dir/STM32F10x_FWLib/Src/stm32f10x_gpio.c.obj
 .debug_abbrev  0x0000060b      0x1d3 CMakeFiles/TemplateF103.elf.dir/STM32F10x_FWLib/Src/stm32f10x_rcc.c.obj
 .debug_abbrev  0x000007de      0x191 CMakeFiles/TemplateF103.elf.dir/STM32F10x_FWLib/Src/stm32f10x_usart.c.obj
 .debug_abbrev  0x0000096f      0x101 CMakeFiles/TemplateF103.elf.dir/SYSTEM/Src/delay.c.obj
 .debug_abbrev  0x00000a70      0x2b3 CMakeFiles/TemplateF103.elf.dir/SYSTEM/Src/usart.c.obj
 .debug_abbrev  0x00000d23       0x12 CMakeFiles/TemplateF103.elf.dir/startup/startup_stm32f103xb.s.obj

.debug_aranges  0x00000000      0x478
 .debug_aranges
                0x00000000       0x20 CMakeFiles/TemplateF103.elf.dir/Core/Src/main.c.obj
 .debug_aranges
                0x00000020       0x60 CMakeFiles/TemplateF103.elf.dir/Core/Src/stm32f10x_it.c.obj
 .debug_aranges
                0x00000080       0x38 CMakeFiles/TemplateF103.elf.dir/Core/Src/system_stm32f10x.c.obj
 .debug_aranges
                0x000000b8       0x40 CMakeFiles/TemplateF103.elf.dir/STM32F10x_FWLib/Src/misc.c.obj
 .debug_aranges
                0x000000f8       0xa8 CMakeFiles/TemplateF103.elf.dir/STM32F10x_FWLib/Src/stm32f10x_gpio.c.obj
 .debug_aranges
                0x000001a0      0x118 CMakeFiles/TemplateF103.elf.dir/STM32F10x_FWLib/Src/stm32f10x_rcc.c.obj
 .debug_aranges
                0x000002b8      0x100 CMakeFiles/TemplateF103.elf.dir/STM32F10x_FWLib/Src/stm32f10x_usart.c.obj
 .debug_aranges
                0x000003b8       0x30 CMakeFiles/TemplateF103.elf.dir/SYSTEM/Src/delay.c.obj
 .debug_aranges
                0x000003e8       0x68 CMakeFiles/TemplateF103.elf.dir/SYSTEM/Src/usart.c.obj
 .debug_aranges
                0x00000450       0x28 CMakeFiles/TemplateF103.elf.dir/startup/startup_stm32f103xb.s.obj

.debug_ranges   0x00000000      0x3f8
 .debug_ranges  0x00000000       0x10 CMakeFiles/TemplateF103.elf.dir/Core/Src/main.c.obj
 .debug_ranges  0x00000010       0x50 CMakeFiles/TemplateF103.elf.dir/Core/Src/stm32f10x_it.c.obj
 .debug_ranges  0x00000060       0x28 CMakeFiles/TemplateF103.elf.dir/Core/Src/system_stm32f10x.c.obj
 .debug_ranges  0x00000088       0x30 CMakeFiles/TemplateF103.elf.dir/STM32F10x_FWLib/Src/misc.c.obj
 .debug_ranges  0x000000b8       0x98 CMakeFiles/TemplateF103.elf.dir/STM32F10x_FWLib/Src/stm32f10x_gpio.c.obj
 .debug_ranges  0x00000150      0x108 CMakeFiles/TemplateF103.elf.dir/STM32F10x_FWLib/Src/stm32f10x_rcc.c.obj
 .debug_ranges  0x00000258       0xf0 CMakeFiles/TemplateF103.elf.dir/STM32F10x_FWLib/Src/stm32f10x_usart.c.obj
 .debug_ranges  0x00000348       0x20 CMakeFiles/TemplateF103.elf.dir/SYSTEM/Src/delay.c.obj
 .debug_ranges  0x00000368       0x70 CMakeFiles/TemplateF103.elf.dir/SYSTEM/Src/usart.c.obj
 .debug_ranges  0x000003d8       0x20 CMakeFiles/TemplateF103.elf.dir/startup/startup_stm32f103xb.s.obj

.debug_line     0x00000000     0x23d3
 .debug_line    0x00000000      0x178 CMakeFiles/TemplateF103.elf.dir/Core/Src/main.c.obj
 .debug_line    0x00000178      0x11f CMakeFiles/TemplateF103.elf.dir/Core/Src/stm32f10x_it.c.obj
 .debug_line    0x00000297      0x309 CMakeFiles/TemplateF103.elf.dir/Core/Src/system_stm32f10x.c.obj
 .debug_line    0x000005a0      0x2b8 CMakeFiles/TemplateF103.elf.dir/STM32F10x_FWLib/Src/misc.c.obj
 .debug_line    0x00000858      0x59c CMakeFiles/TemplateF103.elf.dir/STM32F10x_FWLib/Src/stm32f10x_gpio.c.obj
 .debug_line    0x00000df4      0x737 CMakeFiles/TemplateF103.elf.dir/STM32F10x_FWLib/Src/stm32f10x_rcc.c.obj
 .debug_line    0x0000152b      0x6e3 CMakeFiles/TemplateF103.elf.dir/STM32F10x_FWLib/Src/stm32f10x_usart.c.obj
 .debug_line    0x00001c0e      0x24e CMakeFiles/TemplateF103.elf.dir/SYSTEM/Src/delay.c.obj
 .debug_line    0x00001e5c      0x4d4 CMakeFiles/TemplateF103.elf.dir/SYSTEM/Src/usart.c.obj
 .debug_line    0x00002330       0xa3 CMakeFiles/TemplateF103.elf.dir/startup/startup_stm32f103xb.s.obj

.debug_str      0x00000000     0x1a93
 .debug_str     0x00000000      0x1f1 CMakeFiles/TemplateF103.elf.dir/Core/Src/main.c.obj
                                0x23c (size before relaxing)
 .debug_str     0x000001f1       0xd1 CMakeFiles/TemplateF103.elf.dir/Core/Src/stm32f10x_it.c.obj
                                0x244 (size before relaxing)
 .debug_str     0x000002c2      0x178 CMakeFiles/TemplateF103.elf.dir/Core/Src/system_stm32f10x.c.obj
                                0x334 (size before relaxing)
 .debug_str     0x0000043a      0x1fe CMakeFiles/TemplateF103.elf.dir/STM32F10x_FWLib/Src/misc.c.obj
                                0x417 (size before relaxing)
 .debug_str     0x00000638      0x399 CMakeFiles/TemplateF103.elf.dir/STM32F10x_FWLib/Src/stm32f10x_gpio.c.obj
                                0x578 (size before relaxing)
 .debug_str     0x000009d1      0x3f4 CMakeFiles/TemplateF103.elf.dir/STM32F10x_FWLib/Src/stm32f10x_rcc.c.obj
                                0x679 (size before relaxing)
 .debug_str     0x00000dc5      0x428 CMakeFiles/TemplateF103.elf.dir/STM32F10x_FWLib/Src/stm32f10x_usart.c.obj
                                0x6ef (size before relaxing)
 .debug_str     0x000011ed       0x6c CMakeFiles/TemplateF103.elf.dir/SYSTEM/Src/delay.c.obj
                                0x246 (size before relaxing)
 .debug_str     0x00001259      0x7e5 CMakeFiles/TemplateF103.elf.dir/SYSTEM/Src/usart.c.obj
                                0xc35 (size before relaxing)
 .debug_str     0x00001a3e       0x55 CMakeFiles/TemplateF103.elf.dir/startup/startup_stm32f103xb.s.obj
                                 0x84 (size before relaxing)

.comment        0x00000000       0x49
 .comment       0x00000000       0x49 CMakeFiles/TemplateF103.elf.dir/Core/Src/main.c.obj
                                 0x4a (size before relaxing)
 .comment       0x00000049       0x4a CMakeFiles/TemplateF103.elf.dir/Core/Src/stm32f10x_it.c.obj
 .comment       0x00000049       0x4a CMakeFiles/TemplateF103.elf.dir/Core/Src/system_stm32f10x.c.obj
 .comment       0x00000049       0x4a CMakeFiles/TemplateF103.elf.dir/STM32F10x_FWLib/Src/misc.c.obj
 .comment       0x00000049       0x4a CMakeFiles/TemplateF103.elf.dir/STM32F10x_FWLib/Src/stm32f10x_gpio.c.obj
 .comment       0x00000049       0x4a CMakeFiles/TemplateF103.elf.dir/STM32F10x_FWLib/Src/stm32f10x_rcc.c.obj
 .comment       0x00000049       0x4a CMakeFiles/TemplateF103.elf.dir/STM32F10x_FWLib/Src/stm32f10x_usart.c.obj
 .comment       0x00000049       0x4a CMakeFiles/TemplateF103.elf.dir/SYSTEM/Src/delay.c.obj
 .comment       0x00000049       0x4a CMakeFiles/TemplateF103.elf.dir/SYSTEM/Src/usart.c.obj

.debug_frame    0x00000000     0x19dc
 .debug_frame   0x00000000       0x2c CMakeFiles/TemplateF103.elf.dir/Core/Src/main.c.obj
 .debug_frame   0x0000002c      0x110 CMakeFiles/TemplateF103.elf.dir/Core/Src/stm32f10x_it.c.obj
 .debug_frame   0x0000013c       0x98 CMakeFiles/TemplateF103.elf.dir/Core/Src/system_stm32f10x.c.obj
 .debug_frame   0x000001d4       0xd8 CMakeFiles/TemplateF103.elf.dir/STM32F10x_FWLib/Src/misc.c.obj
 .debug_frame   0x000002ac      0x2d0 CMakeFiles/TemplateF103.elf.dir/STM32F10x_FWLib/Src/stm32f10x_gpio.c.obj
 .debug_frame   0x0000057c      0x4f4 CMakeFiles/TemplateF103.elf.dir/STM32F10x_FWLib/Src/stm32f10x_rcc.c.obj
 .debug_frame   0x00000a70      0x490 CMakeFiles/TemplateF103.elf.dir/STM32F10x_FWLib/Src/stm32f10x_usart.c.obj
 .debug_frame   0x00000f00       0x7c CMakeFiles/TemplateF103.elf.dir/SYSTEM/Src/delay.c.obj
 .debug_frame   0x00000f7c      0x188 CMakeFiles/TemplateF103.elf.dir/SYSTEM/Src/usart.c.obj
 .debug_frame   0x00001104       0x2c f:/stm32/tools/gcc-arm-none-eabi-10.3-2021.10/bin/../lib/gcc/arm-none-eabi/10.3.1/../../../../arm-none-eabi/lib/thumb/v7-m/nofp\libg_nano.a(lib_a-init.o)
 .debug_frame   0x00001130       0x20 f:/stm32/tools/gcc-arm-none-eabi-10.3-2021.10/bin/../lib/gcc/arm-none-eabi/10.3.1/../../../../arm-none-eabi/lib/thumb/v7-m/nofp\libg_nano.a(lib_a-memset.o)
 .debug_frame   0x00001150       0x74 f:/stm32/tools/gcc-arm-none-eabi-10.3-2021.10/bin/../lib/gcc/arm-none-eabi/10.3.1/../../../../arm-none-eabi/lib/thumb/v7-m/nofp\libg_nano.a(lib_a-printf.o)
 .debug_frame   0x000011c4       0x38 f:/stm32/tools/gcc-arm-none-eabi-10.3-2021.10/bin/../lib/gcc/arm-none-eabi/10.3.1/../../../../arm-none-eabi/lib/thumb/v7-m/nofp\libg_nano.a(lib_a-setvbuf.o)
 .debug_frame   0x000011fc       0x5c f:/stm32/tools/gcc-arm-none-eabi-10.3-2021.10/bin/../lib/gcc/arm-none-eabi/10.3.1/../../../../arm-none-eabi/lib/thumb/v7-m/nofp\libg_nano.a(lib_a-fflush.o)
 .debug_frame   0x00001258      0x14c f:/stm32/tools/gcc-arm-none-eabi-10.3-2021.10/bin/../lib/gcc/arm-none-eabi/10.3.1/../../../../arm-none-eabi/lib/thumb/v7-m/nofp\libg_nano.a(lib_a-findfp.o)
 .debug_frame   0x000013a4       0x54 f:/stm32/tools/gcc-arm-none-eabi-10.3-2021.10/bin/../lib/gcc/arm-none-eabi/10.3.1/../../../../arm-none-eabi/lib/thumb/v7-m/nofp\libg_nano.a(lib_a-fwalk.o)
 .debug_frame   0x000013f8       0xb0 f:/stm32/tools/gcc-arm-none-eabi-10.3-2021.10/bin/../lib/gcc/arm-none-eabi/10.3.1/../../../../arm-none-eabi/lib/thumb/v7-m/nofp\libg_nano.a(lib_a-lock.o)
 .debug_frame   0x000014a8       0x58 f:/stm32/tools/gcc-arm-none-eabi-10.3-2021.10/bin/../lib/gcc/arm-none-eabi/10.3.1/../../../../arm-none-eabi/lib/thumb/v7-m/nofp\libg_nano.a(lib_a-makebuf.o)
 .debug_frame   0x00001500       0x30 f:/stm32/tools/gcc-arm-none-eabi-10.3-2021.10/bin/../lib/gcc/arm-none-eabi/10.3.1/../../../../arm-none-eabi/lib/thumb/v7-m/nofp\libg_nano.a(lib_a-malloc.o)
 .debug_frame   0x00001530       0x38 f:/stm32/tools/gcc-arm-none-eabi-10.3-2021.10/bin/../lib/gcc/arm-none-eabi/10.3.1/../../../../arm-none-eabi/lib/thumb/v7-m/nofp\libg_nano.a(lib_a-nano-freer.o)
 .debug_frame   0x00001568       0x4c f:/stm32/tools/gcc-arm-none-eabi-10.3-2021.10/bin/../lib/gcc/arm-none-eabi/10.3.1/../../../../arm-none-eabi/lib/thumb/v7-m/nofp\libg_nano.a(lib_a-nano-mallocr.o)
 .debug_frame   0x000015b4       0xac f:/stm32/tools/gcc-arm-none-eabi-10.3-2021.10/bin/../lib/gcc/arm-none-eabi/10.3.1/../../../../arm-none-eabi/lib/thumb/v7-m/nofp\libg_nano.a(lib_a-nano-vfprintf.o)
 .debug_frame   0x00001660       0x60 f:/stm32/tools/gcc-arm-none-eabi-10.3-2021.10/bin/../lib/gcc/arm-none-eabi/10.3.1/../../../../arm-none-eabi/lib/thumb/v7-m/nofp\libg_nano.a(lib_a-nano-vfprintf_i.o)
 .debug_frame   0x000016c0       0x2c f:/stm32/tools/gcc-arm-none-eabi-10.3-2021.10/bin/../lib/gcc/arm-none-eabi/10.3.1/../../../../arm-none-eabi/lib/thumb/v7-m/nofp\libg_nano.a(lib_a-sbrkr.o)
 .debug_frame   0x000016ec       0x88 f:/stm32/tools/gcc-arm-none-eabi-10.3-2021.10/bin/../lib/gcc/arm-none-eabi/10.3.1/../../../../arm-none-eabi/lib/thumb/v7-m/nofp\libg_nano.a(lib_a-stdio.o)
 .debug_frame   0x00001774       0x40 f:/stm32/tools/gcc-arm-none-eabi-10.3-2021.10/bin/../lib/gcc/arm-none-eabi/10.3.1/../../../../arm-none-eabi/lib/thumb/v7-m/nofp\libg_nano.a(lib_a-wbuf.o)
 .debug_frame   0x000017b4       0x2c f:/stm32/tools/gcc-arm-none-eabi-10.3-2021.10/bin/../lib/gcc/arm-none-eabi/10.3.1/../../../../arm-none-eabi/lib/thumb/v7-m/nofp\libg_nano.a(lib_a-writer.o)
 .debug_frame   0x000017e0       0x2c f:/stm32/tools/gcc-arm-none-eabi-10.3-2021.10/bin/../lib/gcc/arm-none-eabi/10.3.1/../../../../arm-none-eabi/lib/thumb/v7-m/nofp\libg_nano.a(lib_a-wsetup.o)
 .debug_frame   0x0000180c       0x2c f:/stm32/tools/gcc-arm-none-eabi-10.3-2021.10/bin/../lib/gcc/arm-none-eabi/10.3.1/../../../../arm-none-eabi/lib/thumb/v7-m/nofp\libg_nano.a(lib_a-closer.o)
 .debug_frame   0x00001838       0x2c f:/stm32/tools/gcc-arm-none-eabi-10.3-2021.10/bin/../lib/gcc/arm-none-eabi/10.3.1/../../../../arm-none-eabi/lib/thumb/v7-m/nofp\libg_nano.a(lib_a-fstatr.o)
 .debug_frame   0x00001864       0x2c f:/stm32/tools/gcc-arm-none-eabi-10.3-2021.10/bin/../lib/gcc/arm-none-eabi/10.3.1/../../../../arm-none-eabi/lib/thumb/v7-m/nofp\libg_nano.a(lib_a-isattyr.o)
 .debug_frame   0x00001890       0x2c f:/stm32/tools/gcc-arm-none-eabi-10.3-2021.10/bin/../lib/gcc/arm-none-eabi/10.3.1/../../../../arm-none-eabi/lib/thumb/v7-m/nofp\libg_nano.a(lib_a-lseekr.o)
 .debug_frame   0x000018bc       0x28 f:/stm32/tools/gcc-arm-none-eabi-10.3-2021.10/bin/../lib/gcc/arm-none-eabi/10.3.1/../../../../arm-none-eabi/lib/thumb/v7-m/nofp\libg_nano.a(lib_a-memchr-stub.o)
 .debug_frame   0x000018e4       0x30 f:/stm32/tools/gcc-arm-none-eabi-10.3-2021.10/bin/../lib/gcc/arm-none-eabi/10.3.1/../../../../arm-none-eabi/lib/thumb/v7-m/nofp\libg_nano.a(lib_a-mlock.o)
 .debug_frame   0x00001914       0x2c f:/stm32/tools/gcc-arm-none-eabi-10.3-2021.10/bin/../lib/gcc/arm-none-eabi/10.3.1/../../../../arm-none-eabi/lib/thumb/v7-m/nofp\libg_nano.a(lib_a-readr.o)
 .debug_frame   0x00001940       0x5c f:/stm32/tools/gcc-arm-none-eabi-10.3-2021.10/bin/../lib/gcc/arm-none-eabi/10.3.1/../../../../arm-none-eabi/lib/thumb/v7-m/nofp\libg_nano.a(lib_a-reent.o)
 .debug_frame   0x0000199c       0x20 f:/stm32/tools/gcc-arm-none-eabi-10.3-2021.10/bin/../lib/gcc/arm-none-eabi/10.3.1/../../../../arm-none-eabi/lib/thumb/v7-m/nofp\libnosys.a(fstat.o)
 .debug_frame   0x000019bc       0x20 f:/stm32/tools/gcc-arm-none-eabi-10.3-2021.10/bin/../lib/gcc/arm-none-eabi/10.3.1/../../../../arm-none-eabi/lib/thumb/v7-m/nofp\libnosys.a(sbrk.o)

.stab           0x00000000       0x24
 .stab          0x00000000       0x24 f:/stm32/tools/gcc-arm-none-eabi-10.3-2021.10/bin/../lib/gcc/arm-none-eabi/10.3.1/../../../../arm-none-eabi/lib/thumb/v7-m/nofp\libnosys.a(fstat.o)

.stabstr        0x00000000       0x3f
 .stabstr       0x00000000       0x3f f:/stm32/tools/gcc-arm-none-eabi-10.3-2021.10/bin/../lib/gcc/arm-none-eabi/10.3.1/../../../../arm-none-eabi/lib/thumb/v7-m/nofp\libnosys.a(fstat.o)
